// Jest Snapshot v1, https://goo.gl/fbAQLP

exports[`countersoiree seaport_v11::abi 1`] = `
FunctionFragment {
  "_isFragment": true,
  "constant": false,
  "gas": null,
  "inputs": [
    ParamType {
      "_isParamType": true,
      "arrayChildren": null,
      "arrayLength": null,
      "baseType": "tuple",
      "components": [
        ParamType {
          "_isParamType": true,
          "arrayChildren": null,
          "arrayLength": null,
          "baseType": "address",
          "components": null,
          "indexed": null,
          "name": "considerationToken",
          "type": "address",
        },
        ParamType {
          "_isParamType": true,
          "arrayChildren": null,
          "arrayLength": null,
          "baseType": "uint256",
          "components": null,
          "indexed": null,
          "name": "considerationIdentifier",
          "type": "uint256",
        },
        ParamType {
          "_isParamType": true,
          "arrayChildren": null,
          "arrayLength": null,
          "baseType": "uint256",
          "components": null,
          "indexed": null,
          "name": "considerationAmount",
          "type": "uint256",
        },
        ParamType {
          "_isParamType": true,
          "arrayChildren": null,
          "arrayLength": null,
          "baseType": "address",
          "components": null,
          "indexed": null,
          "name": "offerer",
          "type": "address",
        },
        ParamType {
          "_isParamType": true,
          "arrayChildren": null,
          "arrayLength": null,
          "baseType": "address",
          "components": null,
          "indexed": null,
          "name": "zone",
          "type": "address",
        },
        ParamType {
          "_isParamType": true,
          "arrayChildren": null,
          "arrayLength": null,
          "baseType": "address",
          "components": null,
          "indexed": null,
          "name": "offerToken",
          "type": "address",
        },
        ParamType {
          "_isParamType": true,
          "arrayChildren": null,
          "arrayLength": null,
          "baseType": "uint256",
          "components": null,
          "indexed": null,
          "name": "offerIdentifier",
          "type": "uint256",
        },
        ParamType {
          "_isParamType": true,
          "arrayChildren": null,
          "arrayLength": null,
          "baseType": "uint256",
          "components": null,
          "indexed": null,
          "name": "offerAmount",
          "type": "uint256",
        },
        ParamType {
          "_isParamType": true,
          "arrayChildren": null,
          "arrayLength": null,
          "baseType": "uint8",
          "components": null,
          "indexed": null,
          "name": "basicOrderType",
          "type": "uint8",
        },
        ParamType {
          "_isParamType": true,
          "arrayChildren": null,
          "arrayLength": null,
          "baseType": "uint256",
          "components": null,
          "indexed": null,
          "name": "startTime",
          "type": "uint256",
        },
        ParamType {
          "_isParamType": true,
          "arrayChildren": null,
          "arrayLength": null,
          "baseType": "uint256",
          "components": null,
          "indexed": null,
          "name": "endTime",
          "type": "uint256",
        },
        ParamType {
          "_isParamType": true,
          "arrayChildren": null,
          "arrayLength": null,
          "baseType": "bytes32",
          "components": null,
          "indexed": null,
          "name": "zoneHash",
          "type": "bytes32",
        },
        ParamType {
          "_isParamType": true,
          "arrayChildren": null,
          "arrayLength": null,
          "baseType": "uint256",
          "components": null,
          "indexed": null,
          "name": "salt",
          "type": "uint256",
        },
        ParamType {
          "_isParamType": true,
          "arrayChildren": null,
          "arrayLength": null,
          "baseType": "bytes32",
          "components": null,
          "indexed": null,
          "name": "offererConduitKey",
          "type": "bytes32",
        },
        ParamType {
          "_isParamType": true,
          "arrayChildren": null,
          "arrayLength": null,
          "baseType": "bytes32",
          "components": null,
          "indexed": null,
          "name": "fulfillerConduitKey",
          "type": "bytes32",
        },
        ParamType {
          "_isParamType": true,
          "arrayChildren": null,
          "arrayLength": null,
          "baseType": "uint256",
          "components": null,
          "indexed": null,
          "name": "totalOriginalAdditionalRecipients",
          "type": "uint256",
        },
        ParamType {
          "_isParamType": true,
          "arrayChildren": ParamType {
            "_isParamType": true,
            "arrayChildren": null,
            "arrayLength": null,
            "baseType": "tuple",
            "components": [
              ParamType {
                "_isParamType": true,
                "arrayChildren": null,
                "arrayLength": null,
                "baseType": "uint256",
                "components": null,
                "indexed": null,
                "name": "amount",
                "type": "uint256",
              },
              ParamType {
                "_isParamType": true,
                "arrayChildren": null,
                "arrayLength": null,
                "baseType": "address",
                "components": null,
                "indexed": null,
                "name": "recipient",
                "type": "address",
              },
            ],
            "indexed": null,
            "name": null,
            "type": "tuple",
          },
          "arrayLength": -1,
          "baseType": "array",
          "components": [
            ParamType {
              "_isParamType": true,
              "arrayChildren": null,
              "arrayLength": null,
              "baseType": "uint256",
              "components": null,
              "indexed": null,
              "name": "amount",
              "type": "uint256",
            },
            ParamType {
              "_isParamType": true,
              "arrayChildren": null,
              "arrayLength": null,
              "baseType": "address",
              "components": null,
              "indexed": null,
              "name": "recipient",
              "type": "address",
            },
          ],
          "indexed": null,
          "name": "additionalRecipients",
          "type": "tuple[]",
        },
        ParamType {
          "_isParamType": true,
          "arrayChildren": null,
          "arrayLength": null,
          "baseType": "bytes",
          "components": null,
          "indexed": null,
          "name": "signature",
          "type": "bytes",
        },
      ],
      "indexed": null,
      "name": "parameters",
      "type": "tuple",
    },
  ],
  "name": "fulfillBasicOrder",
  "outputs": [
    ParamType {
      "_isParamType": true,
      "arrayChildren": null,
      "arrayLength": null,
      "baseType": "bool",
      "components": null,
      "indexed": null,
      "name": "fulfilled",
      "type": "bool",
    },
  ],
  "payable": true,
  "stateMutability": "payable",
  "type": "function",
}
`;
